// Jest Snapshot v1, https://goo.gl/fbAQLP

exports[`NavDrawer Component should match snapshot 1`] = `
<RCTSafeAreaView
  emulateUnlessSupported={true}
  style={
    Object {
      "backgroundColor": "#3B5998",
      "flex": 1,
    }
  }
>
  <View
    style={
      Object {
        "backgroundColor": "#3B5998",
        "flex": 1,
      }
    }
  >
    <View
      onLayout={[Function]}
      style={
        Object {
          "alignItems": "center",
          "flex": 1,
          "justifyContent": "center",
        }
      }
    >
      <View
        elevation={0}
        onMoveShouldSetResponder={[Function]}
        onMoveShouldSetResponderCapture={[Function]}
        onResponderEnd={[Function]}
        onResponderGrant={[Function]}
        onResponderMove={[Function]}
        onResponderReject={[Function]}
        onResponderRelease={[Function]}
        onResponderStart={[Function]}
        onResponderTerminate={[Function]}
        onResponderTerminationRequest={[Function]}
        onStartShouldSetResponder={[Function]}
        onStartShouldSetResponderCapture={[Function]}
        style={
          Array [
            Object {
              "backgroundColor": "#3B5998",
              "borderWidth": 0,
              "flex": 1,
              "left": 0,
              "position": "absolute",
              "top": 0,
            },
            Object {
              "height": 1334,
              "width": 562.5,
            },
          ]
        }
      >
        <View
          style={
            Object {
              "backgroundColor": "#3B5998",
              "flex": 1,
            }
          }
        >
          <View
            style={
              Object {
                "color": "white",
                "flex": 1,
                "marginTop": 5,
              }
            }
          >
            <View
              style={
                Object {
                  "marginTop": 10,
                }
              }
            >
              <View
                accessible={true}
                isTVSelectable={true}
                onResponderGrant={[Function]}
                onResponderMove={[Function]}
                onResponderRelease={[Function]}
                onResponderTerminate={[Function]}
                onResponderTerminationRequest={[Function]}
                onStartShouldSetResponder={[Function]}
                style={null}
              >
                <Text />
              </View>
            </View>
            <View
              accessible={true}
              isTVSelectable={true}
              onResponderGrant={[Function]}
              onResponderMove={[Function]}
              onResponderRelease={[Function]}
              onResponderTerminate={[Function]}
              onResponderTerminationRequest={[Function]}
              onStartShouldSetResponder={[Function]}
              style={null}
            >
              <Text
                style={
                  Object {
                    "color": "#E8EAEF",
                    "fontSize": 20,
                    "padding": 10,
                    "textAlign": "left",
                    "width": "100%",
                  }
                }
              >
                splash
              </Text>
            </View>
            <View
              accessible={true}
              isTVSelectable={true}
              onResponderGrant={[Function]}
              onResponderMove={[Function]}
              onResponderRelease={[Function]}
              onResponderTerminate={[Function]}
              onResponderTerminationRequest={[Function]}
              onStartShouldSetResponder={[Function]}
              style={null}
            >
              <Text
                Text={true}
                style={
                  Object {
                    "color": "#E8EAEF",
                    "fontSize": 20,
                    "padding": 10,
                    "textAlign": "left",
                    "width": "100%",
                  }
                }
              >
                login
              </Text>
            </View>
            <View
              accessible={true}
              isTVSelectable={true}
              onResponderGrant={[Function]}
              onResponderMove={[Function]}
              onResponderRelease={[Function]}
              onResponderTerminate={[Function]}
              onResponderTerminationRequest={[Function]}
              onStartShouldSetResponder={[Function]}
              style={null}
            >
              <Text
                Text={true}
                style={
                  Object {
                    "color": "#E8EAEF",
                    "fontSize": 20,
                    "padding": 10,
                    "textAlign": "left",
                    "width": "100%",
                  }
                }
              >
                signup
              </Text>
            </View>
            <View
              accessible={true}
              isTVSelectable={true}
              onResponderGrant={[Function]}
              onResponderMove={[Function]}
              onResponderRelease={[Function]}
              onResponderTerminate={[Function]}
              onResponderTerminationRequest={[Function]}
              onStartShouldSetResponder={[Function]}
              style={null}
            >
              <Text
                Text={true}
                style={
                  Object {
                    "color": "#E8EAEF",
                    "fontSize": 20,
                    "padding": 10,
                    "textAlign": "left",
                    "width": "100%",
                  }
                }
              >
                home
              </Text>
            </View>
            <View
              accessible={true}
              isTVSelectable={true}
              onResponderGrant={[Function]}
              onResponderMove={[Function]}
              onResponderRelease={[Function]}
              onResponderTerminate={[Function]}
              onResponderTerminationRequest={[Function]}
              onStartShouldSetResponder={[Function]}
              style={null}
            >
              <Text
                Text={true}
                style={
                  Object {
                    "color": "#E8EAEF",
                    "fontSize": 20,
                    "padding": 10,
                    "textAlign": "left",
                    "width": "100%",
                  }
                }
              >
                chatroom french
              </Text>
            </View>
            <View
              accessible={true}
              isTVSelectable={true}
              onResponderGrant={[Function]}
              onResponderMove={[Function]}
              onResponderRelease={[Function]}
              onResponderTerminate={[Function]}
              onResponderTerminationRequest={[Function]}
              onStartShouldSetResponder={[Function]}
              style={null}
            >
              <Text
                Text={true}
                style={
                  Object {
                    "color": "#E8EAEF",
                    "fontSize": 20,
                    "padding": 10,
                    "textAlign": "left",
                    "width": "100%",
                  }
                }
              >
                chatroom spanish
              </Text>
            </View>
            <View
              accessible={true}
              isTVSelectable={true}
              onResponderGrant={[Function]}
              onResponderMove={[Function]}
              onResponderRelease={[Function]}
              onResponderTerminate={[Function]}
              onResponderTerminationRequest={[Function]}
              onStartShouldSetResponder={[Function]}
              style={null}
            >
              <Text
                Text={true}
                style={
                  Object {
                    "color": "#E8EAEF",
                    "fontSize": 20,
                    "padding": 10,
                    "textAlign": "left",
                    "width": "100%",
                  }
                }
              >
                tutorial
              </Text>
            </View>
            <View
              accessible={true}
              isTVSelectable={true}
              onResponderGrant={[Function]}
              onResponderMove={[Function]}
              onResponderRelease={[Function]}
              onResponderTerminate={[Function]}
              onResponderTerminationRequest={[Function]}
              onStartShouldSetResponder={[Function]}
              style={null}
            >
              <Text
                Text={true}
                style={
                  Object {
                    "color": "#E8EAEF",
                    "fontSize": 20,
                    "padding": 10,
                    "textAlign": "left",
                    "width": "100%",
                  }
                }
              >
                tutorial
              </Text>
            </View>
          </View>
        </View>
        <View
          pointerEvents="none"
          style={
            Array [
              Object {
                "backgroundColor": "transparent",
                "bottom": 0,
                "left": 0,
                "position": "absolute",
                "right": 0,
                "top": 0,
              },
              undefined,
            ]
          }
        />
      </View>
      <View
        onMoveShouldSetResponder={[Function]}
        onMoveShouldSetResponderCapture={[Function]}
        onResponderEnd={[Function]}
        onResponderGrant={[Function]}
        onResponderMove={[Function]}
        onResponderReject={[Function]}
        onResponderRelease={[Function]}
        onResponderStart={[Function]}
        onResponderTerminate={[Function]}
        onResponderTerminationRequest={[Function]}
        onStartShouldSetResponder={[Function]}
        onStartShouldSetResponderCapture={[Function]}
        style={
          Array [
            Object {
              "backgroundColor": "white",
              "borderWidth": 0,
              "flex": 1,
              "left": 0,
              "position": "absolute",
              "top": 0,
            },
            Object {
              "height": 1334,
              "width": 750,
            },
          ]
        }
      >
        <View
          style={
            Object {
              "alignItems": "center",
              "backgroundColor": "#3B5998",
              "flexDirection": "row",
              "height": 44,
              "justifyContent": "center",
              "position": "relative",
            }
          }
        >
          <View
            accessible={true}
            isTVSelectable={true}
            onResponderGrant={[Function]}
            onResponderMove={[Function]}
            onResponderRelease={[Function]}
            onResponderTerminate={[Function]}
            onResponderTerminationRequest={[Function]}
            onStartShouldSetResponder={[Function]}
            style={
              Object {
                "alignSelf": "center",
                "marginLeft": 8,
                "marginRight": 8,
                "opacity": 1,
                "tintColor": "white",
              }
            }
          >
            <Text />
          </View>
          <Text
            style={
              Object {
                "alignSelf": "center",
                "color": "white",
                "flex": 1,
                "textAlign": "center",
              }
            }
          >
            LangChat
          </Text>
          <View
            style={
              Object {
                "alignSelf": "center",
                "marginLeft": 8,
                "marginRight": 8,
                "tintColor": "white",
              }
            }
          />
        </View>
        <View
          pointerEvents="none"
          style={
            Array [
              Object {
                "backgroundColor": "transparent",
                "bottom": 0,
                "left": 0,
                "position": "absolute",
                "right": 0,
                "top": 0,
              },
              undefined,
            ]
          }
        />
      </View>
    </View>
  </View>
</RCTSafeAreaView>
`;
