// Jest Snapshot v1, https://goo.gl/fbAQLP

exports[`SplashPage Component should match snapshot 1`] = `
<View
  style={
    Object {
      "backgroundColor": "#000",
      "flex": 1,
      "position": "relative",
    }
  }
>
  <Image
    source={
      Object {
        "uri": "https://images.unsplash.com/photo-1548716188-9b0867f0d1c0?ixlib=rb-1.2.1&ixid=eyJhcHBfaWQiOjEyMDd9&auto=format&fit=crop&w=934&q=80",
      }
    }
    style={
      Object {
        "backgroundColor": "#000",
        "flex": 1,
        "opacity": 0.75,
        "width": "100%",
      }
    }
  />
  <View
    style={
      Object {
        "alignItems": "center",
        "alignSelf": "center",
        "flexDirection": "column",
        "height": "100%",
        "justifyContent": "space-between",
        "paddingBottom": 75,
        "paddingTop": 75,
        "position": "absolute",
        "width": "100%",
      }
    }
  >
    <Text
      style={
        Object {
          "color": "#fff",
          "fontSize": 70,
          "fontWeight": "bold",
        }
      }
    >
      LangChat
    </Text>
    <View
      style={
        Object {
          "width": "100%",
        }
      }
    >
      <View
        accessible={true}
        isTVSelectable={true}
        onResponderGrant={[Function]}
        onResponderMove={[Function]}
        onResponderRelease={[Function]}
        onResponderTerminate={[Function]}
        onResponderTerminationRequest={[Function]}
        onStartShouldSetResponder={[Function]}
        style={
          Object {
            "alignSelf": "center",
            "backgroundColor": "#007aff",
            "borderRadius": 5,
            "margin": 10,
            "opacity": 1,
            "width": "90%",
          }
        }
      >
        <Text
          style={
            Object {
              "alignSelf": "center",
              "color": "#fff",
              "fontSize": 19,
              "fontWeight": "600",
              "paddingBottom": 12,
              "paddingTop": 12,
            }
          }
        >
          Sign Up
        </Text>
      </View>
      <View
        style={
          Object {
            "flexDirection": "row",
            "fontWeight": "600",
            "justifyContent": "center",
            "width": "100%",
          }
        }
      >
        <Text
          style={
            Object {
              "color": "#fff",
              "fontSize": 16,
            }
          }
        >
          Already have an account?
        </Text>
        <Text
          onPress={[Function]}
          style={
            Object {
              "color": "#fff",
              "fontSize": 16,
              "marginLeft": 8,
              "textDecorationLine": "underline",
            }
          }
        >
          Log In
        </Text>
      </View>
    </View>
  </View>
</View>
`;
