// Jest Snapshot v1, https://goo.gl/fbAQLP

exports[`Tutorial Component should match snapshot 1`] = `
<RCTSafeAreaView
  emulateUnlessSupported={true}
  style={
    Object {
      "flex": 1,
      "justifyContent": "space-around",
    }
  }
>
  <View
    onLayout={[Function]}
    style={
      Array [
        Object {
          "backgroundColor": "transparent",
          "flex": 1,
        },
        undefined,
      ]
    }
  />
</RCTSafeAreaView>
`;
