// Jest Snapshot v1, https://goo.gl/fbAQLP

exports[`Welcome matches snapshot 1`] = `ShallowWrapper {}`;
